// Jest Snapshot v1, https://goo.gl/fbAQLP

exports[`renders correctly 1`] = `
<View>
  <View
    style={
      Object {
        "backgroundColor": "#fff",
        "borderBottomWidth": 0.5,
        "borderColor": "#ccc",
        "borderLeftWidth": 0.5,
        "borderRadius": 2,
        "borderRightWidth": 0.5,
        "borderTopWidth": 0.5,
        "elevation": 3,
        "flexWrap": "nowrap",
        "marginBottom": 5,
        "marginLeft": 2,
        "marginRight": 2,
        "marginTop": 5,
        "shadowColor": "#000",
        "shadowOffset": Object {
          "height": 2,
          "width": 0,
        },
        "shadowOpacity": 0.1,
        "shadowRadius": 1.5,
      }
    }
  >
    <View
      cardBody={true}
      style={
        Array [
          Object {
            "alignItems": "center",
            "backgroundColor": "#fff",
            "borderRadius": 2,
            "flexDirection": "row",
            "paddingBottom": -5,
            "paddingLeft": -5,
            "paddingRight": -5,
            "paddingTop": -5,
          },
          Object {
            "flexDirection": "row",
            "width": null,
          },
        ]
      }
    >
      <Image
        source={1}
        style={
          Object {
            "flex": 1,
            "height": 380,
            "width": null,
          }
        }
      />
    </View>
    <View
      style={
        Object {
          "alignItems": "center",
          "backgroundColor": "rgba(0, 0, 0, 0.85)",
          "flex": 1,
          "justifyContent": "center",
          "position": "absolute",
          "width": 410,
        }
      }
    >
      <View
        cardBody={true}
        style={
          Array [
            Object {
              "alignItems": "center",
              "backgroundColor": "#fff",
              "borderRadius": 2,
              "flexDirection": "row",
              "paddingBottom": -5,
              "paddingLeft": -5,
              "paddingRight": -5,
              "paddingTop": -5,
            },
            Object {
              "alignItems": "center",
              "backgroundColor": "transparent",
              "flex": 1,
              "flexDirection": "row",
              "height": 380,
              "justifyContent": "center",
              "width": 150,
            },
          ]
        }
      />
    </View>
    <View
      style={
        Object {
          "alignItems": "center",
          "flex": 1,
          "justifyContent": "center",
        }
      }
    >
      <View
        cardBody={true}
        style={
          Array [
            Object {
              "alignItems": "center",
              "backgroundColor": "#fff",
              "borderRadius": 2,
              "flexDirection": "row",
              "paddingBottom": -5,
              "paddingLeft": -5,
              "paddingRight": -5,
              "paddingTop": -5,
            },
            Object {
              "alignItems": "center",
              "justifyContent": "center",
              "width": 150,
            },
          ]
        }
      >
        <Image
          source={1}
          style={
            Object {
              "flex": 1,
              "height": 150,
              "marginTop": -80,
              "width": 150,
            }
          }
        />
      </View>
    </View>
    <View />
  </View>
  <View
    style={
      Object {
        "marginTop": 60,
      }
    }
  >
    <View
      style={
        Object {
          "alignItems": "flex-end",
        }
      }
    >
      <Text
        style={
          Object {
            "color": "#47525E",
            "fontFamily": "roboto",
            "fontSize": 22,
            "fontWeight": "600",
            "marginTop": -50,
            "paddingRight": 25,
          }
        }
      >
        <Text />
      </Text>
    </View>
    <View
      style={
        Object {
          "alignItems": "center",
          "textAlign": "center",
        }
      }
    >
      <Text
        style={
          Object {
            "color": "#47525E",
            "fontFamily": "roboto",
            "fontSize": 22,
            "fontWeight": "600",
          }
        }
      >
        Brendan Moore
      </Text>
      <Text
        style={
          Object {
            "color": "#47525E",
            "fontFamily": "roboto",
            "fontSize": 20,
            "fontWeight": "400",
            "marginTop": 15,
          }
        }
      >
        CTO at Marvel Prototyping
      </Text>
    </View>
  </View>
  <View
    style={
      Object {
        "alignItems": "center",
        "marginTop": 30,
        "textAlign": "center",
      }
    }
  >
    <View
      style={
        Object {
          "alignItems": "center",
          "flexDirection": "row",
          "margin": 10,
          "textAlign": "center",
        }
      }
    >
      <Text
        style={
          Object {
            "color": "#8492A6",
            "fontFamily": "roboto",
            "fontSize": 20,
            "fontWeight": "400",
            "letterSpacing": 1,
          }
        }
      >
        <Text
          style={
            Object {
              "color": "#47525E",
              "fontSize": 20,
              "fontWeight": "700",
            }
          }
        >
          2390
        </Text>
          followers
      </Text>
      <Text
        style={
          Object {
            "color": "#47525E",
            "fontFamily": "roboto",
            "fontSize": 15,
            "fontWeight": "400",
            "justifyContent": "space-around",
            "padding": 10,
          }
        }
      >
        |
      </Text>
      <Text
        style={
          Object {
            "color": "#8492A6",
            "fontFamily": "roboto",
            "fontSize": 20,
            "fontWeight": "400",
            "letterSpacing": 1,
          }
        }
      >
        <Text
          style={
            Object {
              "color": "#47525E",
              "fontSize": 20,
              "fontWeight": "700",
            }
          }
        >
          2390
        </Text>
          Stars
      </Text>
    </View>
  </View>
  <View
    style={
      Object {
        "flex": 1,
        "flexDirection": "column",
        "justifyContent": "space-between",
      }
    }
  >
    <View
      cardBody={true}
      style={
        Object {
          "flex": 1,
          "flexDirection": "row",
          "justifyContent": "space-between",
          "padding": 30,
        }
      }
    >
      <View
        accessible={true}
        isTVSelectable={true}
        onResponderGrant={[Function]}
        onResponderMove={[Function]}
        onResponderRelease={[Function]}
        onResponderTerminate={[Function]}
        onResponderTerminationRequest={[Function]}
        onStartShouldSetResponder={[Function]}
        style={
          Object {
            "alignContent": "center",
            "alignItems": "center",
            "alignSelf": "flex-start",
            "backgroundColor": "transparent",
            "borderBottomWidth": null,
            "borderColor": "#007aff",
            "borderLeftWidth": null,
            "borderRadius": 5,
            "borderRightWidth": null,
            "borderTopWidth": null,
            "borderWidth": undefined,
            "elevation": 2,
            "flexDirection": "column",
            "height": 200,
            "justifyContent": "center",
            "opacity": 1,
            "paddingBottom": 6,
            "paddingTop": 6,
            "shadowColor": undefined,
            "shadowOffset": undefined,
            "shadowOpacity": undefined,
            "shadowRadius": undefined,
            "width": 150,
          }
        }
      >
        <Text
          style={
            Object {
              "color": "#47525E",
              "flex": 1,
              "fontFamily": "Droid Sans Mono",
              "fontSize": 85,
              "fontWeight": "700",
              "letterSpacing": 1,
              "textAlign": "center",
            }
          }
        >
          123
        </Text>
        <Text
          style={
            Object {
              "color": "#47525E",
              "flex": 1,
              "fontFamily": "Droid Sans Mono",
              "fontSize": 17,
              "fontWeight": "700",
              "letterSpacing": 1,
              "textAlign": "center",
            }
          }
        >
          Repositories
        </Text>
      </View>
      <View
        accessible={true}
        isTVSelectable={true}
        onResponderGrant={[Function]}
        onResponderMove={[Function]}
        onResponderRelease={[Function]}
        onResponderTerminate={[Function]}
        onResponderTerminationRequest={[Function]}
        onStartShouldSetResponder={[Function]}
        style={
          Object {
            "alignContent": "center",
            "alignItems": "center",
            "alignSelf": "flex-start",
            "backgroundColor": "transparent",
            "borderBottomWidth": null,
            "borderColor": "#007aff",
            "borderLeftWidth": null,
            "borderRadius": 5,
            "borderRightWidth": null,
            "borderTopWidth": null,
            "borderWidth": undefined,
            "elevation": 2,
            "flexDirection": "column",
            "height": 200,
            "justifyContent": "center",
            "opacity": 1,
            "paddingBottom": 6,
            "paddingTop": 6,
            "shadowColor": undefined,
            "shadowOffset": undefined,
            "shadowOpacity": undefined,
            "shadowRadius": undefined,
            "width": 150,
          }
        }
      >
        <Text
          style={
            Object {
              "color": "#47525E",
              "flex": 1,
              "fontFamily": "Droid Sans Mono",
              "fontSize": 85,
              "fontWeight": "700",
              "letterSpacing": 1,
              "textAlign": "center",
            }
          }
        >
          58
        </Text>
        <Text
          style={
            Object {
              "color": "#47525E",
              "flex": 1,
              "fontFamily": "Droid Sans Mono",
              "fontSize": 17,
              "fontWeight": "700",
              "letterSpacing": 1,
              "textAlign": "center",
            }
          }
        >
          Followers
        </Text>
      </View>
    </View>
  </View>
</View>
`;
