// Jest Snapshot v1, https://goo.gl/fbAQLP

exports[`renders correctly 1`] = `
<Modal
  animationType="slide"
  hardwareAccelerated={false}
  transparent={true}
  visible={true}
>
  <View
    style={
      Object {
        "alignContent": "center",
        "alignItems": "center",
        "flex": 1,
        "height": 30,
        "justifyContent": "center",
        "marginTop": 22,
        "shadowColor": "black",
        "shadowOffset": Object {
          "height": -4,
        },
      }
    }
  >
    <View
      style={
        Object {
          "alignContent": "center",
          "alignItems": "center",
          "backgroundColor": "white",
          "flexDirection": "column",
          "height": 170,
          "justifyContent": "center",
          "shadowColor": "black",
          "shadowOffset": Object {
            "height": -4,
          },
          "shadowOpacity": 0.5,
          "width": 400,
        }
      }
    >
      <View
        style={
          Object {
            "alignContent": "flex-start",
            "alignItems": "flex-start",
            "justifyContent": "flex-start",
            "paddingRight": 15,
          }
        }
      >
        <View
          accessible={true}
          isTVSelectable={true}
          onResponderGrant={[Function]}
          onResponderMove={[Function]}
          onResponderRelease={[Function]}
          onResponderTerminate={[Function]}
          onResponderTerminationRequest={[Function]}
          onStartShouldSetResponder={[Function]}
          style={Object {}}
        >
          <Text />
        </View>
      </View>
      <View
        style={
          Object {
            "flexDirection": "row",
          }
        }
      >
        <Image
          source={1}
          style={
            Object {
              "height": 100,
              "width": 100,
            }
          }
        />
        <Image
          source={1}
          style={
            Object {
              "height": 100,
              "width": 100,
            }
          }
        />
        <Image
          source={1}
          style={
            Object {
              "height": 100,
              "width": 100,
            }
          }
        />
      </View>
    </View>
  </View>
</Modal>
`;
